  raudio.c
C:\Users\alayl\Documents\GitHub\physics-1-mine\raylib-5.5\src\external\jar_xm.h(242,9): warning C4005: 'DEBUG': macro redefinition
  (compiling source file 'src/raudio.c')
      C:\Users\alayl\Documents\GitHub\physics-1-mine\raylib-5.5\src\external\jar_xm.h(242,9):
      'DEBUG' previously declared on the command line
  
  rcore.c
C:\Program Files (x86)\Windows Kits\10\Include\10.0.26100.0\shared\minwindef.h(60,9): warning C4005: 'MAX_PATH': macro redefinition
  (compiling source file 'src/rcore.c')
      C:\Users\alayl\Documents\GitHub\physics-1-mine\raylib-5.5\src\rcore.c(159,17):
      see previous definition of 'MAX_PATH'
  
C:\Program Files (x86)\Windows Kits\10\Include\10.0.26100.0\shared\minwindef.h(130,9): warning C4005: 'APIENTRY': macro redefinition
  (compiling source file 'src/rcore.c')
      C:\Users\alayl\Documents\GitHub\physics-1-mine\raylib-5.5\src\external\glfw\include\GLFW\glfw3.h(123,11):
      see previous definition of 'APIENTRY'
  
  rglfw.c
  rmodels.c
  rshapes.c
  rtext.c
  rtextures.c
  utils.c
  Generating Code...
  raylib.vcxproj -> C:\Users\alayl\Documents\GitHub\physics-1-mine\bin\Debug\raylib.lib
